// Jest Snapshot v1, https://goo.gl/fbAQLP

exports[`Character component renders Character component 1`] = `
<DocumentFragment>
  <div>
    <p>
      rick
    </p>
    <img
      src="www.url.com"
    />
  </div>
</DocumentFragment>
`;
